// Jest Snapshot v1, https://goo.gl/fbAQLP

exports[`Pruebas en <PrimeraApp /> debe mostrar el mensaje Hola soy Gokú 1`] = `
<Fragment>
  <h1>
    Hola, soy Gokú
  </h1>
  <h3>
    Soy un subtitulo
  </h3>
  <p>
    Mi primera aplicación
  </p>
</Fragment>
`;
